// Jest Snapshot v1, https://goo.gl/fbAQLP

exports[`basic portfolio calculate pool value (global) 1`] = `
Object {
  "@type": "/osmosis.gamm.v1beta1.Pool",
  "address": "osmo1mw0ac6rwlp5r8wapwk3zs6g29h8fcscxqakdzw9emkne6c8wjp9q0t3v8t",
  "displayPoolAssets": Array [
    Object {
      "allocation": 0.5,
      "symbol": "ATOM",
      "token": Object {
        "amount": "6196127370623",
        "denom": "ibc/27394FB092D2ECCD56123C74F36E4C1F926001CEADA9CA97EA622B25F41E5EB2",
      },
      "value": Object {
        "amount": "6196127370623",
        "denom": "ibc/27394FB092D2ECCD56123C74F36E4C1F926001CEADA9CA97EA622B25F41E5EB2",
        "displayAmount": 6196127.370623,
        "value": 226964145.5859205,
      },
      "weight": "536870912000000",
    },
    Object {
      "allocation": 0.5,
      "symbol": "OSMO",
      "token": Object {
        "amount": "24164665575940",
        "denom": "uosmo",
      },
      "value": Object {
        "amount": "24164665575940",
        "denom": "uosmo",
        "displayAmount": 24164665.57594,
        "value": 219898456.741054,
      },
      "weight": "536870912000000",
    },
  ],
  "future_pool_governor": "24h",
  "id": "1",
  "poolAssets": Array [
    Object {
      "token": Object {
        "amount": "6196127370623",
        "denom": "ibc/27394FB092D2ECCD56123C74F36E4C1F926001CEADA9CA97EA622B25F41E5EB2",
      },
      "weight": "536870912000000",
    },
    Object {
      "token": Object {
        "amount": "24164665575940",
        "denom": "uosmo",
      },
      "weight": "536870912000000",
    },
  ],
  "poolParams": Object {
    "exitFee": "0.000000000000000000",
    "smoothWeightChangeParams": null,
    "swapFee": "0.003000000000000000",
  },
  "pricePerShare": 1.353191082134662e-18,
  "pricePerShareDenom": 1.353191082134662,
  "totalShares": Object {
    "amount": "330228752041469100486167962",
    "denom": "gamm/pool/1",
  },
  "totalValue": 446862602.3269745,
  "totalWeight": "1073741824000000",
}
`;

exports[`basic portfolio calculate pool value (global) 2`] = `
Object {
  "@type": "/osmosis.gamm.v1beta1.Pool",
  "address": "osmo1500hy75krs9e8t50aav6fahk8sxhajn9ctp40qwvvn8tcprkk6wszun4a5",
  "displayPoolAssets": Array [
    Object {
      "allocation": 0.8,
      "symbol": "ION",
      "token": Object {
        "amount": "1289632142",
        "denom": "uion",
      },
      "value": Object {
        "amount": "1289632142",
        "denom": "uion",
        "displayAmount": 1289.632142,
        "value": 15871722.009058138,
      },
      "weight": "858993459200000",
    },
    Object {
      "allocation": 0.2,
      "symbol": "OSMO",
      "token": Object {
        "amount": "374852643996",
        "denom": "uosmo",
      },
      "value": Object {
        "amount": "374852643996",
        "denom": "uosmo",
        "displayAmount": 374852.643996,
        "value": 3411159.0603636,
      },
      "weight": "214748364800000",
    },
  ],
  "future_pool_governor": "24h",
  "id": "2",
  "poolAssets": Array [
    Object {
      "token": Object {
        "amount": "1289632142",
        "denom": "uion",
      },
      "weight": "858993459200000",
    },
    Object {
      "token": Object {
        "amount": "374852643996",
        "denom": "uosmo",
      },
      "weight": "214748364800000",
    },
  ],
  "poolParams": Object {
    "exitFee": "0.000000000000000000",
    "smoothWeightChangeParams": null,
    "swapFee": "0.005000000000000000",
  },
  "pricePerShare": 3.335651016095471e-20,
  "pricePerShareDenom": 0.03335651016095471,
  "totalShares": Object {
    "amount": "578084487147375945198234662",
    "denom": "gamm/pool/2",
  },
  "totalValue": 19282881.06942174,
  "totalWeight": "1073741824000000",
}
`;
