// Jest Snapshot v1, https://goo.gl/fbAQLP

exports[`basic portfolio calculate pool value (global) 1`] = `
Object {
  "@type": "/osmosis.gamm.v1beta1.Pool",
  "address": "osmo1mw0ac6rwlp5r8wapwk3zs6g29h8fcscxqakdzw9emkne6c8wjp9q0t3v8t",
  "displayPoolAssets": Array [
    Object {
      "allocation": 0.5,
      "symbol": "ATOM",
      "token": Object {
        "amount": "6196127370623",
        "denom": "ibc/27394FB092D2ECCD56123C74F36E4C1F926001CEADA9CA97EA622B25F41E5EB2",
      },
      "value": Object {
        "amount": "6196127370623",
        "denom": "ibc/27394FB092D2ECCD56123C74F36E4C1F926001CEADA9CA97EA622B25F41E5EB2",
        "displayAmount": 6196127.370623,
        "symbol": "ATOM",
        "value": 226964145.5859205,
      },
      "weight": "536870912000000",
    },
    Object {
      "allocation": 0.5,
      "symbol": "OSMO",
      "token": Object {
        "amount": "24164665575940",
        "denom": "uosmo",
      },
      "value": Object {
        "amount": "24164665575940",
        "denom": "uosmo",
        "displayAmount": 24164665.57594,
        "symbol": "OSMO",
        "value": 219898456.741054,
      },
      "weight": "536870912000000",
    },
  ],
  "future_pool_governor": "24h",
  "id": "1",
  "name": "ATOM/OSMO",
  "poolAssets": Array [
    Object {
      "token": Object {
        "amount": "6196127370623",
        "denom": "ibc/27394FB092D2ECCD56123C74F36E4C1F926001CEADA9CA97EA622B25F41E5EB2",
      },
      "weight": "536870912000000",
    },
    Object {
      "token": Object {
        "amount": "24164665575940",
        "denom": "uosmo",
      },
      "weight": "536870912000000",
    },
  ],
  "poolParams": Object {
    "exitFee": "0.000000000000000000",
    "smoothWeightChangeParams": null,
    "swapFee": "0.003000000000000000",
  },
  "pricePerShare": 1.353191082134662e-18,
  "totalShares": Object {
    "amount": "330228752041469100486167962",
    "denom": "gamm/pool/1",
  },
  "totalValue": 446862602.3269745,
  "totalWeight": "1073741824000000",
}
`;

exports[`basic portfolio calculate pool value (global) 2`] = `
Object {
  "@type": "/osmosis.gamm.v1beta1.Pool",
  "address": "osmo1500hy75krs9e8t50aav6fahk8sxhajn9ctp40qwvvn8tcprkk6wszun4a5",
  "displayPoolAssets": Array [
    Object {
      "allocation": 0.8,
      "symbol": "ION",
      "token": Object {
        "amount": "1289632142",
        "denom": "uion",
      },
      "value": Object {
        "amount": "1289632142",
        "denom": "uion",
        "displayAmount": 1289.632142,
        "symbol": "ION",
        "value": 15871722.009058138,
      },
      "weight": "858993459200000",
    },
    Object {
      "allocation": 0.2,
      "symbol": "OSMO",
      "token": Object {
        "amount": "374852643996",
        "denom": "uosmo",
      },
      "value": Object {
        "amount": "374852643996",
        "denom": "uosmo",
        "displayAmount": 374852.643996,
        "symbol": "OSMO",
        "value": 3411159.0603636,
      },
      "weight": "214748364800000",
    },
  ],
  "future_pool_governor": "24h",
  "id": "2",
  "name": "ION/OSMO",
  "poolAssets": Array [
    Object {
      "token": Object {
        "amount": "1289632142",
        "denom": "uion",
      },
      "weight": "858993459200000",
    },
    Object {
      "token": Object {
        "amount": "374852643996",
        "denom": "uosmo",
      },
      "weight": "214748364800000",
    },
  ],
  "poolParams": Object {
    "exitFee": "0.000000000000000000",
    "smoothWeightChangeParams": null,
    "swapFee": "0.005000000000000000",
  },
  "pricePerShare": 3.335651016095471e-20,
  "totalShares": Object {
    "amount": "578084487147375945198234662",
    "denom": "gamm/pool/2",
  },
  "totalValue": 19282881.06942174,
  "totalWeight": "1073741824000000",
}
`;

exports[`basic portfolio calculate pool value (user LP) 1`] = `
Array [
  Object {
    "allocation": 0.0006056407831347302,
    "amount": "200000000000000000000000",
    "denom": "gamm/pool/1",
    "poolId": "1",
    "value": 270638.21642693237,
  },
  Object {
    "allocation": 0.00025312875703865847,
    "amount": "30000000000000000000000",
    "denom": "gamm/pool/3",
    "poolId": "3",
    "value": 4330.186885199967,
  },
  Object {
    "allocation": 0.0001296341180589231,
    "amount": "200000000000000000000",
    "denom": "gamm/pool/497",
    "poolId": "497",
    "value": 8518.23374397021,
  },
  Object {
    "allocation": 0.00019494931711096735,
    "amount": "200000000000000000000",
    "denom": "gamm/pool/498",
    "poolId": "498",
    "value": 6846.902582193164,
  },
  Object {
    "allocation": 0.0008236483020854653,
    "amount": "2000000000000000000000",
    "denom": "gamm/pool/560",
    "poolId": "560",
    "value": 136432.92454643737,
  },
  Object {
    "allocation": 0.0015710988409629195,
    "amount": "2000000000000000000000",
    "denom": "gamm/pool/561",
    "poolId": "561",
    "value": 157337.8792014562,
  },
  Object {
    "allocation": 0.0008591506333502901,
    "amount": "10000000000000000000000",
    "denom": "gamm/pool/562",
    "poolId": "562",
    "value": 77540.77387231337,
  },
  Object {
    "allocation": 0.0031545274576644427,
    "amount": "40000000000000000000",
    "denom": "gamm/pool/574",
    "poolId": "574",
    "value": 3897.2319876727747,
  },
  Object {
    "allocation": 0.00011211369545863991,
    "amount": "20000000000000000000",
    "denom": "gamm/pool/584",
    "poolId": "584",
    "value": 2491.9211091431384,
  },
  Object {
    "allocation": 0.00028497385134167483,
    "amount": "400000000000000000",
    "denom": "gamm/pool/586",
    "poolId": "586",
    "value": 966.13601789156,
  },
  Object {
    "allocation": 0.0018810841038095674,
    "amount": "30000000000000000000",
    "denom": "gamm/pool/592",
    "poolId": "592",
    "value": 2018.3271211603283,
  },
  Object {
    "allocation": 0.0014516082171006953,
    "amount": "40000000000000000000000000",
    "denom": "gamm/pool/6",
    "poolId": "6",
    "value": 16951.61787619785,
  },
  Object {
    "allocation": 0.004636281048913086,
    "amount": "500000000000000000",
    "denom": "gamm/pool/600",
    "poolId": "600",
    "value": 98921.4476073319,
  },
  Object {
    "allocation": 0.003314039294840055,
    "amount": "200000000000000000000",
    "denom": "gamm/pool/601",
    "poolId": "601",
    "value": 96266.09178471018,
  },
  Object {
    "allocation": 0.0027907320014314866,
    "amount": "400000000000000000",
    "denom": "gamm/pool/604",
    "poolId": "604",
    "value": 69503.31148887692,
  },
  Object {
    "allocation": 0.0008335361960606539,
    "amount": "300000000000000000000000",
    "denom": "gamm/pool/606",
    "poolId": "606",
    "value": 4639.142154504307,
  },
  Object {
    "allocation": 0.002495331745914565,
    "amount": "4000000000000000000000",
    "denom": "gamm/pool/611",
    "poolId": "611",
    "value": 55416.69563830522,
  },
  Object {
    "allocation": 0.0003611517731477527,
    "amount": "600000000000000000000000",
    "denom": "gamm/pool/9",
    "poolId": "9",
    "value": 7237.691351195864,
  },
]
`;
