// Jest Snapshot v1, https://goo.gl/fbAQLP

exports[`rebalance can rebalance 1`] = `
Array [
  Object {
    "inAmount": 0,
    "inToken": Token {
      "geckoName": "osmosis",
      "isEqual": [Function],
      "osmosisID": "abcd",
      "symbol": "ATOM",
    },
    "outToken": Token {
      "geckoName": "osmosis",
      "isEqual": [Function],
      "osmosisID": "abcd",
      "symbol": "ATOM",
    },
  },
]
`;
