// Jest Snapshot v1, https://goo.gl/fbAQLP

exports[`joins complex 1`] = `
Array [
  Object {
    "amount": "607771.8232044198",
    "denom": "ibc/1480B8FD20AD5FCAE81EA87584D269547DD4D436843C1D20F15E00EB64743EF4",
  },
  Object {
    "amount": "300000000",
    "denom": "ibc/E6931F78057F7CC5DA0FD6CEF82FF39373A6E0452BF1FD76910B93292CF356C1",
  },
  Object {
    "amount": "120886.48351648351",
    "denom": "uosmo",
  },
]
`;

exports[`joins simple 1`] = `
Array [
  Object {
    "amount": "3000000",
    "denom": "ibc/1480B8FD20AD5FCAE81EA87584D269547DD4D436843C1D20F15E00EB64743EF4",
  },
  Object {
    "amount": "76365.62182016727",
    "denom": "ibc/27394FB092D2ECCD56123C74F36E4C1F926001CEADA9CA97EA622B25F41E5EB2",
  },
]
`;
